
> kgf@0.0.0 test
> vitest run


[1m[46m RUN [49m[22m [36mv4.0.16 [39m[90mE:/projects/kgf[39m


⎯⎯⎯⎯⎯⎯ Failed Suites 1 ⎯⎯⎯⎯⎯⎯⎯

 FAIL  src/components/Hero/Hero.test.tsx [ src/components/Hero/Hero.test.tsx ]
Error: Cannot find module '@testing-library/dom'
Require stack:
- E:\projects\kgf\node_modules\@testing-library\react\dist\pure.js
 ❯ Object.<anonymous> node_modules/@testing-library/react/dist/pure.js:46:12

⎯⎯⎯⎯⎯⎯⎯⎯⎯⎯⎯⎯⎯⎯⎯⎯⎯⎯⎯⎯⎯⎯⎯⎯[1/1]⎯


[2m Test Files [22m [1m[31m1 failed[39m[22m[90m (1)[39m
[2m      Tests [22m [2mno tests[22m
[2m   Start at [22m 17:14:35
[2m   Duration [22m 2.56s[2m (transform 99ms, setup 255ms, import 0ms, tests 0ms, environment 1.73s)[22m

